[    0.000000] Initializing cgroup subsys cpuset
[    0.000000] Initializing cgroup subsys cpu
[    0.000000] Initializing cgroup subsys cpuacct
[    0.000000] Linux version 4.4.0-165-generic (buildd@lgw01-amd64-027) (gcc version 5.4.0 20160609 (Ubuntu 5.4.0-6ubuntu1~16.04.10) ) #193-Ubuntu SMP Tue Sep 17 17:42:52 UTC 2019 (Ubuntu 4.4.0-165.193-generic 4.4.189)
[    0.000000] Command line: BOOT_IMAGE=/boot/vmlinuz-4.4.0-165-generic root=LABEL=cloudimg-rootfs ro console=tty1 console=ttyS0
[    0.000000] KERNEL supported cpus:
[    0.000000]   Intel GenuineIntel
[    0.000000]   AMD AuthenticAMD
[    0.000000]   Centaur CentaurHauls
[    0.000000] x86/fpu: xstate_offset[2]:  576, xstate_sizes[2]:  256
[    0.000000] x86/fpu: Supporting XSAVE feature 0x01: 'x87 floating point registers'
[    0.000000] x86/fpu: Supporting XSAVE feature 0x02: 'SSE registers'
[    0.000000] x86/fpu: Supporting XSAVE feature 0x04: 'AVX registers'
[    0.000000] x86/fpu: Enabled xstate features 0x7, context size is 832 bytes, using 'standard' format.
[    0.000000] e820: BIOS-provided physical RAM map:
[    0.000000] BIOS-e820: [mem 0x0000000000000000-0x000000000009fbff] usable
[    0.000000] BIOS-e820: [mem 0x000000000009fc00-0x000000000009ffff] reserved
[    0.000000] BIOS-e820: [mem 0x00000000000f0000-0x00000000000fffff] reserved
[    0.000000] BIOS-e820: [mem 0x0000000000100000-0x000000003ffeffff] usable
[    0.000000] BIOS-e820: [mem 0x000000003fff0000-0x000000003fffffff] ACPI data
[    0.000000] BIOS-e820: [mem 0x00000000fec00000-0x00000000fec00fff] reserved
[    0.000000] BIOS-e820: [mem 0x00000000fee00000-0x00000000fee00fff] reserved
[    0.000000] BIOS-e820: [mem 0x00000000fffc0000-0x00000000ffffffff] reserved
[    0.000000] NX (Execute Disable) protection: active
[    0.000000] SMBIOS 2.5 present.
[    0.000000] Hypervisor detected: KVM
[    0.000000] Kernel/User page tables isolation: disabled
[    0.000000] e820: last_pfn = 0x3fff0 max_arch_pfn = 0x400000000
[    0.000000] MTRR: Disabled
[    0.000000] x86/PAT: MTRRs disabled, skipping PAT initialization too.
[    0.000000] CPU MTRRs all blank - virtualized system.
[    0.000000] x86/PAT: Configuration [0-7]: WB  WT  UC- UC  WB  WT  UC- UC  
[    0.000000] found SMP MP-table at [mem 0x0009fff0-0x0009ffff] mapped at [ffff88000009fff0]
[    0.000000] Scanning 1 areas for low memory corruption
[    0.000000] RAMDISK: [mem 0x362fa000-0x37174fff]
[    0.000000] ACPI: Early table checksum verification disabled
[    0.000000] ACPI: RSDP 0x00000000000E0000 000024 (v02 VBOX  )
[    0.000000] ACPI: XSDT 0x000000003FFF0030 00003C (v01 VBOX   VBOXXSDT 00000001 ASL  00000061)
[    0.000000] ACPI: FACP 0x000000003FFF00F0 0000F4 (v04 VBOX   VBOXFACP 00000001 ASL  00000061)
[    0.000000] ACPI: DSDT 0x000000003FFF0470 0022EA (v02 VBOX   VBOXBIOS 00000002 INTL 20100528)
[    0.000000] ACPI: FACS 0x000000003FFF0200 000040
[    0.000000] ACPI: FACS 0x000000003FFF0200 000040
[    0.000000] ACPI: APIC 0x000000003FFF0240 00005C (v02 VBOX   VBOXAPIC 00000001 ASL  00000061)
[    0.000000] ACPI: SSDT 0x000000003FFF02A0 0001CC (v01 VBOX   VBOXCPUT 00000002 INTL 20100528)
[    0.000000] No NUMA configuration found
[    0.000000] Faking a node at [mem 0x0000000000000000-0x000000003ffeffff]
[    0.000000] NODE_DATA(0) allocated [mem 0x3ffeb000-0x3ffeffff]
[    0.000000] kvm-clock: Using msrs 4b564d01 and 4b564d00
[    0.000000] kvm-clock: cpu 0, msr 0:3ffe3001, primary cpu clock
[    0.000000] kvm-clock: using sched offset of 4157816285 cycles
[    0.000000] clocksource: kvm-clock: mask: 0xffffffffffffffff max_cycles: 0x1cd42e4dffb, max_idle_ns: 881590591483 ns
[    0.000000] Zone ranges:
[    0.000000]   DMA      [mem 0x0000000000001000-0x0000000000ffffff]
[    0.000000]   DMA32    [mem 0x0000000001000000-0x000000003ffeffff]
[    0.000000]   Normal   empty
[    0.000000]   Device   empty
[    0.000000] Movable zone start for each node
[    0.000000] Early memory node ranges
[    0.000000]   node   0: [mem 0x0000000000001000-0x000000000009efff]
[    0.000000]   node   0: [mem 0x0000000000100000-0x000000003ffeffff]
[    0.000000] Initmem setup node 0 [mem 0x0000000000001000-0x000000003ffeffff]
[    0.000000] ACPI: PM-Timer IO Port: 0x4008
[    0.000000] IOAPIC[0]: apic_id 2, version 32, address 0xfec00000, GSI 0-23
[    0.000000] ACPI: INT_SRC_OVR (bus 0 bus_irq 0 global_irq 2 dfl dfl)
[    0.000000] ACPI: INT_SRC_OVR (bus 0 bus_irq 9 global_irq 9 low level)
[    0.000000] Using ACPI (MADT) for SMP configuration information
[    0.000000] smpboot: Allowing 2 CPUs, 0 hotplug CPUs
[    0.000000] PM: Registered nosave memory: [mem 0x00000000-0x00000fff]
[    0.000000] PM: Registered nosave memory: [mem 0x0009f000-0x0009ffff]
[    0.000000] PM: Registered nosave memory: [mem 0x000a0000-0x000effff]
[    0.000000] PM: Registered nosave memory: [mem 0x000f0000-0x000fffff]
[    0.000000] e820: [mem 0x40000000-0xfebfffff] available for PCI devices
[    0.000000] Booting paravirtualized kernel on KVM
[    0.000000] clocksource: refined-jiffies: mask: 0xffffffff max_cycles: 0xffffffff, max_idle_ns: 7645519600211568 ns
[    0.000000] setup_percpu: NR_CPUS:512 nr_cpumask_bits:512 nr_cpu_ids:2 nr_node_ids:1
[    0.000000] PERCPU: Embedded 34 pages/cpu @ffff88003fc00000 s99544 r8192 d31528 u1048576
[    0.000000] Built 1 zonelists in Node order, mobility grouping on.  Total pages: 257912
[    0.000000] Policy zone: DMA32
[    0.000000] Kernel command line: BOOT_IMAGE=/boot/vmlinuz-4.4.0-165-generic root=LABEL=cloudimg-rootfs ro console=tty1 console=ttyS0
[    0.000000] PID hash table entries: 4096 (order: 3, 32768 bytes)
[    0.000000] Memory: 997732K/1048120K available (8621K kernel code, 1335K rwdata, 4032K rodata, 1484K init, 1284K bss, 50388K reserved, 0K cma-reserved)
[    0.000000] SLUB: HWalign=64, Order=0-3, MinObjects=0, CPUs=2, Nodes=1
[    0.000000] Hierarchical RCU implementation.
[    0.000000] 	Build-time adjustment of leaf fanout to 64.
[    0.000000] 	RCU restricting CPUs from NR_CPUS=512 to nr_cpu_ids=2.
[    0.000000] RCU: Adjusting geometry for rcu_fanout_leaf=64, nr_cpu_ids=2
[    0.000000] NR_IRQS:33024 nr_irqs:440 16
[    0.000000] Console: colour VGA+ 80x25
[    0.000000] console [tty1] enabled
[    0.000000] console [ttyS0] enabled
[    0.000000] tsc: Detected 1992.001 MHz processor
[    0.234559] Calibrating delay loop (skipped) preset value.. 3984.00 BogoMIPS (lpj=7968004)
[    0.236125] pid_max: default: 32768 minimum: 301
[    0.236796] ACPI: Core revision 20150930
[    0.238200] ACPI: 2 ACPI AML tables successfully acquired and loaded
[    0.239431] Security Framework initialized
[    0.240159] Yama: becoming mindful.
[    0.240869] AppArmor: AppArmor initialized
[    0.242198] Dentry cache hash table entries: 131072 (order: 8, 1048576 bytes)
[    0.243802] Inode-cache hash table entries: 65536 (order: 7, 524288 bytes)
[    0.248214] Mount-cache hash table entries: 2048 (order: 2, 16384 bytes)
[    0.249484] Mountpoint-cache hash table entries: 2048 (order: 2, 16384 bytes)
[    0.250953] Initializing cgroup subsys io
[    0.251787] Initializing cgroup subsys memory
[    0.252448] Initializing cgroup subsys devices
[    0.253114] Initializing cgroup subsys freezer
[    0.253806] Initializing cgroup subsys net_cls
[    0.254483] Initializing cgroup subsys perf_event
[    0.255279] Initializing cgroup subsys net_prio
[    0.256230] Initializing cgroup subsys hugetlb
[    0.256916] Initializing cgroup subsys pids
[    0.258787] mce: CPU supports 0 MCE banks
[    0.259424] Last level iTLB entries: 4KB 64, 2MB 8, 4MB 8
[    0.260189] Last level dTLB entries: 4KB 64, 2MB 0, 4MB 0, 1GB 4
[    0.261007] Spectre V1 : Mitigation: usercopy/swapgs barriers and __user pointer sanitization
[    0.262354] Spectre V2 : Mitigation: Enhanced IBRS
[    0.263059] Spectre V2 : Spectre v2 / SpectreRSB mitigation: Filling RSB on context switch
[    0.264636] Speculative Store Bypass: Vulnerable
[    0.268304] Freeing SMP alternatives memory: 36K
[    0.274129] ftrace: allocating 32318 entries in 127 pages
[    0.367806] smpboot: APIC(0) Converting physical 0 to logical package 0
[    0.370575] smpboot: Max logical packages: 1
[    0.372776] x2apic enabled
[    0.374608] Switched APIC routing to physical x2apic.
[    0.379089] ..TIMER: vector=0x30 apic1=0 pin1=2 apic2=-1 pin2=-1
[    0.485978] smpboot: CPU0: Intel(R) Core(TM) i7-8565U CPU @ 1.80GHz (family: 0x6, model: 0x8e, stepping: 0xc)
[    0.490480] Performance Events: unsupported p6 CPU model 142 no PMU driver, software events only.
[    0.514889] KVM setup paravirtual spinlock
[    0.518063] x86: Booting SMP configuration:
[    0.519751] .... node  #0, CPUs:      #1
[    0.521609] kvm-clock: cpu 1, msr 0:3ffe3041, secondary cpu clock
[    0.525184] mce: CPU supports 0 MCE banks
[    0.528271] x86: Booted up 1 node, 2 CPUs
[    0.530378] smpboot: Total of 2 processors activated (7968.00 BogoMIPS)
[    0.533743] devtmpfs: initialized
[    0.549152] evm: security.selinux
[    0.550615] evm: security.SMACK64
[    0.552061] evm: security.SMACK64EXEC
[    0.553724] evm: security.SMACK64TRANSMUTE
[    0.555453] evm: security.SMACK64MMAP
[    0.556992] evm: security.ima
[    0.558383] evm: security.capability
[    0.560330] clocksource: jiffies: mask: 0xffffffff max_cycles: 0xffffffff, max_idle_ns: 7645041785100000 ns
[    0.563979] futex hash table entries: 512 (order: 3, 32768 bytes)
[    0.566584] pinctrl core: initialized pinctrl subsystem
[    0.568770] RTC time: 14:11:11, date: 10/09/19
[    0.576663] NET: Registered protocol family 16
[    0.590378] cpuidle: using governor ladder
[    0.602085] cpuidle: using governor menu
[    0.603757] PCCT header not found.
[    0.605463] ACPI: bus type PCI registered
[    0.607092] acpiphp: ACPI Hot Plug PCI Controller Driver version: 0.5
[    0.609645] PCI: Using configuration type 1 for base access
[    0.627854] ACPI: Added _OSI(Module Device)
[    0.629715] ACPI: Added _OSI(Processor Device)
[    0.631515] ACPI: Added _OSI(3.0 _SCP Extensions)
[    0.633762] ACPI: Added _OSI(Processor Aggregator Device)
[    0.637177] ACPI: Executed 1 blocks of module-level executable AML code
[    0.643546] ACPI: Interpreter enabled
[    0.645307] ACPI: (supports S0 S5)
[    0.646979] ACPI: Using IOAPIC for interrupt routing
[    0.649299] PCI: Using host bridge windows from ACPI; if necessary, use "pci=nocrs" and report a bug
[    0.659717] ACPI: PCI Root Bridge [PCI0] (domain 0000 [bus 00-ff])
[    0.662064] acpi PNP0A03:00: _OSC: OS supports [ASPM ClockPM Segments MSI]
[    0.665220] acpi PNP0A03:00: _OSC: not requesting OS control; OS requires [ExtendedConfig ASPM ClockPM MSI]
[    0.668661] acpi PNP0A03:00: fail to add MMCONFIG information, can't access extended PCI configuration space under this bridge.
[    0.673432] PCI host bridge to bus 0000:00
[    0.675157] pci_bus 0000:00: root bus resource [io  0x0000-0x0cf7 window]
[    0.677850] pci_bus 0000:00: root bus resource [io  0x0d00-0xffff window]
[    0.680002] pci_bus 0000:00: root bus resource [mem 0x000a0000-0x000bffff window]
[    0.683060] pci_bus 0000:00: root bus resource [mem 0x40000000-0xfdffffff window]
[    0.686368] pci_bus 0000:00: root bus resource [bus 00-ff]
[    0.691675] pci 0000:00:01.1: legacy IDE quirk: reg 0x10: [io  0x01f0-0x01f7]
[    0.694477] pci 0000:00:01.1: legacy IDE quirk: reg 0x14: [io  0x03f6]
[    0.697099] pci 0000:00:01.1: legacy IDE quirk: reg 0x18: [io  0x0170-0x0177]
[    0.699965] pci 0000:00:01.1: legacy IDE quirk: reg 0x1c: [io  0x0376]
[    0.727993] pci 0000:00:07.0: quirk: [io  0x4000-0x403f] claimed by PIIX4 ACPI
[    0.750691] pci 0000:00:07.0: quirk: [io  0x4100-0x410f] claimed by PIIX4 SMB
[    0.761516] ACPI: PCI Interrupt Link [LNKA] (IRQs 5 9 10 *11)
[    0.764983] ACPI: PCI Interrupt Link [LNKB] (IRQs 5 9 *10 11)
[    0.768246] ACPI: PCI Interrupt Link [LNKC] (IRQs 5 *9 10 11)
[    0.771391] ACPI: PCI Interrupt Link [LNKD] (IRQs 5 9 10 *11)
[    0.775012] ACPI: Enabled 2 GPEs in block 00 to 07
[    0.777786] vgaarb: setting as boot device: PCI:0000:00:02.0
[    0.779879] vgaarb: device added: PCI:0000:00:02.0,decodes=io+mem,owns=io+mem,locks=none
[    0.783235] vgaarb: loaded
[    0.784588] vgaarb: bridge control possible 0000:00:02.0
[    0.787068] SCSI subsystem initialized
[    0.788968] ACPI: bus type USB registered
[    0.790657] usbcore: registered new interface driver usbfs
[    0.792722] usbcore: registered new interface driver hub
[    0.794747] usbcore: registered new device driver usb
[    0.797275] PCI: Using ACPI for IRQ routing
[    0.799500] NetLabel: Initializing
[    0.801173] NetLabel:  domain hash size = 128
[    0.802948] NetLabel:  protocols = UNLABELED CIPSOv4
[    0.805059] NetLabel:  unlabeled traffic allowed by default
[    0.807482] amd_nb: Cannot enumerate AMD northbridges
[    0.809643] clocksource: Switched to clocksource kvm-clock
[    0.832770] AppArmor: AppArmor Filesystem Enabled
[    0.834813] pnp: PnP ACPI init
[    0.837614] pnp: PnP ACPI: found 3 devices
[    0.856499] clocksource: acpi_pm: mask: 0xffffff max_cycles: 0xffffff, max_idle_ns: 2085701024 ns
[    0.859962] NET: Registered protocol family 2
[    0.862069] TCP established hash table entries: 8192 (order: 4, 65536 bytes)
[    0.864591] TCP bind hash table entries: 8192 (order: 5, 131072 bytes)
[    0.867026] TCP: Hash tables configured (established 8192 bind 8192)
[    0.869322] UDP hash table entries: 512 (order: 2, 16384 bytes)
[    0.871293] UDP-Lite hash table entries: 512 (order: 2, 16384 bytes)
[    0.872900] NET: Registered protocol family 1
[    0.874334] pci 0000:00:00.0: Limiting direct PCI/PCI transfers
[    0.876060] pci 0000:00:01.0: Activating ISA DMA hang workarounds
[    0.883577] Unpacking initramfs...
[    1.371199] Freeing initrd memory: 14828K
[    1.372002] clocksource: tsc: mask: 0xffffffffffffffff max_cycles: 0x396d54029a7, max_idle_ns: 881590429682 ns
[    1.373927] platform rtc_cmos: registered platform RTC device (no PNP device found)
[    1.375126] Scanning for low memory corruption every 60 seconds
[    1.376407] audit: initializing netlink subsys (disabled)
[    1.377379] audit: type=2000 audit(1570630277.840:1): initialized
[    1.378779] Initialise system trusted keyring
[    1.379988] HugeTLB registered 2 MB page size, pre-allocated 0 pages
[    1.383342] zbud: loaded
[    1.384298] VFS: Disk quotas dquot_6.6.0
[    1.385398] VFS: Dquot-cache hash table entries: 512 (order 0, 4096 bytes)
[    1.386571] squashfs: version 4.0 (2009/01/31) Phillip Lougher
[    1.387716] fuse init (API version 7.23)
[    1.388475] Key type big_key registered
[    1.389169] Allocating IMA MOK and blacklist keyrings.
[    1.397827] Key type asymmetric registered
[    1.399175] Asymmetric key parser 'x509' registered
[    1.401142] Block layer SCSI generic (bsg) driver version 0.4 loaded (major 249)
[    1.404614] io scheduler noop registered
[    1.406238] io scheduler deadline registered (default)
[    1.408340] io scheduler cfq registered
[    1.410143] pci_hotplug: PCI Hot Plug PCI Core version: 0.5
[    1.412235] pciehp: PCI Express Hot Plug Controller Driver version: 0.4
[    1.415000] ACPI: AC Adapter [AC] (off-line)
[    1.416839] input: Power Button as /devices/LNXSYSTM:00/LNXPWRBN:00/input/input0
[    1.419971] ACPI: Power Button [PWRF]
[    1.421644] input: Sleep Button as /devices/LNXSYSTM:00/LNXSLPBN:00/input/input1
[    1.424777] ACPI: Sleep Button [SLPF]
[    1.427892] ACPI: Battery Slot [BAT0] (battery present)
[    1.430129] GHES: HEST is not enabled!
[    1.432086] Serial: 8250/16550 driver, 32 ports, IRQ sharing enabled
[    1.455646] 00:02: ttyS0 at I/O 0x3f8 (irq = 4, base_baud = 115200) is a 16550A
[    1.460863] Linux agpgart interface v0.103
[    1.465932] loop: module loaded
[    1.468845] scsi host0: ata_piix
[    1.470718] scsi host1: ata_piix
[    1.472223] ata1: PATA max UDMA/33 cmd 0x1f0 ctl 0x3f6 bmdma 0xd000 irq 14
[    1.474643] ata2: PATA max UDMA/33 cmd 0x170 ctl 0x376 bmdma 0xd008 irq 15
[    1.477581] libphy: Fixed MDIO Bus: probed
[    1.479289] tun: Universal TUN/TAP device driver, 1.6
[    1.481330] tun: (C) 1999-2004 Max Krasnyansky <maxk@qualcomm.com>
[    1.483741] PPP generic driver version 2.4.2
[    1.485575] ehci_hcd: USB 2.0 'Enhanced' Host Controller (EHCI) Driver
[    1.488022] ehci-pci: EHCI PCI platform driver
[    1.489795] ehci-platform: EHCI generic platform driver
[    1.491913] ohci_hcd: USB 1.1 'Open' Host Controller (OHCI) Driver
[    1.494267] ohci-pci: OHCI PCI platform driver
[    1.496176] ohci-platform: OHCI generic platform driver
[    1.498149] uhci_hcd: USB Universal Host Controller Interface driver
[    1.500631] i8042: PNP: PS/2 Controller [PNP0303:PS2K,PNP0f03:PS2M] at 0x60,0x64 irq 1,12
[    1.504832] serio: i8042 KBD port at 0x60,0x64 irq 1
[    1.506836] serio: i8042 AUX port at 0x60,0x64 irq 12
[    1.508998] mousedev: PS/2 mouse device common for all mice
[    1.511876] rtc_cmos rtc_cmos: rtc core: registered rtc_cmos as rtc0
[    1.514532] rtc_cmos rtc_cmos: alarms up to one day, 114 bytes nvram
[    1.517050] i2c /dev entries driver
[    1.519035] input: AT Translated Set 2 keyboard as /devices/platform/i8042/serio0/input/input2
[    1.522704] device-mapper: uevent: version 1.0.3
[    1.524672] device-mapper: ioctl: 4.34.0-ioctl (2015-10-28) initialised: dm-devel@redhat.com
[    1.527505] ledtrig-cpu: registered to indicate activity on CPUs
[    1.530477] NET: Registered protocol family 10
[    1.532850] NET: Registered protocol family 17
[    1.534782] Key type dns_resolver registered
[    1.536933] registered taskstats version 1
[    1.538368] Loading compiled-in X.509 certificates
[    1.541333] Loaded X.509 cert 'Build time autogenerated kernel key: 0ed82eac04367aa6426493b1389455ebf6830eaa'
[    1.544894] zswap: loaded using pool lzo/zbud
[    1.550061] Key type trusted registered
[    1.557752] Key type encrypted registered
[    1.559121] AppArmor: AppArmor sha1 policy hashing enabled
[    1.560713] ima: No TPM chip found, activating TPM-bypass!
[    1.562270] ima: Allocated hash algorithm: sha1
[    1.563604] evm: HMAC attrs: 0x1
[    1.565575]   Magic number: 7:800:181
[    1.566908] rtc_cmos rtc_cmos: setting system clock to 2019-10-09 14:11:12 UTC (1570630272)
[    1.568983] BIOS EDD facility v0.16 2004-Jun-25, 0 devices found
[    1.570354] EDD information not available.
[    1.638875] Freeing unused kernel memory: 1484K
[    1.641920] Write protecting the kernel read-only data: 14336k
[    1.647206] Freeing unused kernel memory: 1608K
[    1.650970] Freeing unused kernel memory: 64K
Loading, please wait...
starting version 229
[    1.694091] random: systemd-udevd: uninitialized urandom read (16 bytes read, 3 bits of entropy available)
[    1.696052] random: udevadm: uninitialized urandom read (16 bytes read, 3 bits of entropy available)
[    1.696092] random: udevadm: uninitialized urandom read (16 bytes read, 3 bits of entropy available)
[    1.706759] random: systemd-udevd: uninitialized urandom read (16 bytes read, 3 bits of entropy available)
[    1.709253] random: udevadm: uninitialized urandom read (16 bytes read, 3 bits of entropy available)
[    1.709322] random: udevadm: uninitialized urandom read (16 bytes read, 3 bits of entropy available)
[    1.709513] random: udevadm: uninitialized urandom read (16 bytes read, 3 bits of entropy available)
[    1.709585] random: udevadm: uninitialized urandom read (16 bytes read, 3 bits of entropy available)
[    1.709651] random: udevadm: uninitialized urandom read (16 bytes read, 3 bits of entropy available)
[    1.709800] random: udevadm: uninitialized urandom read (16 bytes read, 3 bits of entropy available)
[    1.770078] e1000: Intel(R) PRO/1000 Network Driver - version 7.3.21-k8-NAPI
[    1.771172] e1000: Copyright (c) 1999-2006 Intel Corporation.
[    1.772304] Fusion MPT base driver 3.04.20
[    1.773203] Copyright (c) 1999-2008 LSI Corporation
[    1.780676] Fusion MPT SPI Host driver 3.04.20
[    1.837414] AVX2 version of gcm_enc/dec engaged.
[    1.839365] AES CTR mode by8 optimization enabled
[    1.998840] input: ImExPS/2 Generic Explorer Mouse as /devices/platform/i8042/serio1/input/input4
[    2.208618] e1000 0000:00:03.0 eth0: (PCI:33MHz:32-bit) 02:0e:9b:2d:5b:92
[    2.212552] e1000 0000:00:03.0 eth0: Intel(R) PRO/1000 Network Connection
[    2.218209] mptbase: ioc0: Initiating bringup
[    2.219353] e1000 0000:00:03.0 enp0s3: renamed from eth0
[    2.358336] ioc0: LSI53C1030 A0: Capabilities={Initiator}
[    2.824591] scsi host2: ioc0: LSI53C1030 A0, FwRev=00000000h, Ports=1, MaxQ=256, IRQ=20
[    3.230616] scsi 2:0:0:0: Direct-Access     VBOX     HARDDISK         1.0  PQ: 0 ANSI: 5
[    3.237665] scsi target2:0:0: Beginning Domain Validation
[    3.247924] scsi target2:0:0: Domain Validation skipping write tests
[    3.252289] scsi target2:0:0: Ending Domain Validation
[    3.256023] scsi target2:0:0: asynchronous
[    3.260108] scsi 2:0:1:0: Direct-Access     VBOX     HARDDISK         1.0  PQ: 0 ANSI: 5
[    3.263447] scsi target2:0:1: Beginning Domain Validation
[    3.269524] scsi target2:0:1: Domain Validation skipping write tests
[    3.271712] scsi target2:0:1: Ending Domain Validation
[    3.273884] scsi target2:0:1: asynchronous
[    3.290984] sd 2:0:0:0: [sda] 20971520 512-byte logical blocks: (10.7 GB/10.0 GiB)
[    3.313857] sd 2:0:0:0: Attached scsi generic sg0 type 0
[    3.317138] sd 2:0:1:0: [sdb] 20480 512-byte logical blocks: (10.5 MB/10.0 MiB)
[    3.317779] sd 2:0:1:0: Attached scsi generic sg1 type 0
[    3.321678] sd 2:0:0:0: [sda] Write Protect is off
[    3.323526] sd 2:0:1:0: [sdb] Write Protect is off
[    3.325405] sd 2:0:0:0: [sda] Incomplete mode parameter data
[    3.327647] sd 2:0:0:0: [sda] Assuming drive cache: write through
[    3.330076] sd 2:0:1:0: [sdb] Incomplete mode parameter data
[    3.332210] sd 2:0:1:0: [sdb] Assuming drive cache: write through
[    3.381670]  sda: sda1
[    3.385155] sd 2:0:0:0: [sda] Attached SCSI disk
[    3.387584] sd 2:0:1:0: [sdb] Attached SCSI disk
Begin: Loading essential drivers ... [    4.986682] md: linear personality registered for level -1
[    4.992839] md: multipath personality registered for level -4
[    4.999189] md: raid0 personality registered for level 0
[    5.007988] md: raid1 personality registered for level 1
[    5.082131] raid6: sse2x1   gen()  4565 MB/s
[    5.149715] raid6: sse2x1   xor()  3051 MB/s
[    5.217941] raid6: sse2x2   gen()  6306 MB/s
[    5.285747] raid6: sse2x2   xor()  4174 MB/s
[    5.353735] raid6: sse2x4   gen()  6804 MB/s
[    5.421706] raid6: sse2x4   xor()  4269 MB/s
[    5.490030] raid6: avx2x1   gen()  9053 MB/s
[    5.557903] raid6: avx2x2   gen() 11458 MB/s
[    5.625651] raid6: avx2x4   gen() 20787 MB/s
[    5.626378] raid6: using algorithm avx2x4 gen() 20787 MB/s
[    5.627207] raid6: using avx2x2 recovery algorithm
[    5.629275] xor: automatically using best checksumming function:
[    5.670475]    avx       : 24223.000 MB/sec
[    5.674336] async_tx: api initialized (async)
[    5.694102] md: raid6 personality registered for level 6
[    5.696181] md: raid5 personality registered for level 5
[    5.697667] md: raid4 personality registered for level 4
[    5.708637] md: raid10 personality registered for level 10
done.
Begin: Running /scripts/init-premount ... done.
Begin: Mounting root file system ... Begin: Running /scripts/local-top ... done.
Begin: Running /scripts/local-premount ... [    5.765911] Btrfs loaded
Scanning for Btrfs filesystems
done.
Warning: fsck not present, so skipping root file system
[    5.884899] EXT4-fs (sda1): mounted filesystem with ordered data mode. Opts: (null)
done.
Begin: Running /scripts/local-bottom ... done.
Begin: Running /scripts/init-bottom ... done.
[    6.067652] systemd[1]: systemd 229 running in system mode. (+PAM +AUDIT +SELINUX +IMA +APPARMOR +SMACK +SYSVINIT +UTMP +LIBCRYPTSETUP +GCRYPT +GNUTLS +ACL +XZ -LZ4 +SECCOMP +BLKID +ELFUTILS +KMOD -IDN)
[    6.074278] systemd[1]: Detected virtualization oracle.
[    6.076391] systemd[1]: Detected architecture x86-64.

Welcome to [1mUbuntu 16.04.6 LTS[0m!

[    6.082712] systemd[1]: Set hostname to <ubuntu-xenial>.
[    6.594580] systemd[1]: Created slice User and Session Slice.
[[0;32m  OK  [0m] Created slice User and Session Slice.
[    6.598235] systemd[1]: Reached target Encrypted Volumes.
[[0;32m  OK  [0m] Reached target Encrypted Volumes.
[    6.833048] systemd[1]: Listening on Syslog Socket.
[[0;32m  OK  [0m] Listening on Syslog Socket.
[    6.838838] systemd[1]: Listening on LVM2 metadata daemon socket.
[[0;32m  OK  [0m] Listening on LVM2 metadata daemon socket.
[    6.844958] systemd[1]: Set up automount Arbitrary Executable File Formats File System Automount Point.
[[0;32m  OK  [0m] Set up automount Arbitrary Executab...ats File System Automount Point.
[    6.853966] systemd[1]: Listening on /dev/initctl Compatibility Named Pipe.
[[0;32m  OK  [0m] Listening on /dev/initctl Compatibility Named Pipe.
[    6.860087] systemd[1]: Reached target Swap.
[[0;32m  OK  [0m] Reached target Swap.
[    7.833952] systemd[1]: Listening on udev Control Socket.
[[0;32m  OK  [0m] Listening on udev Control Socket.
[    7.853413] systemd[1]: Listening on Journal Audit Socket.
[[0;32m  OK  [0m] Listening on Journal Audit Socket.
[    7.859061] systemd[1]: Reached target System Time Synchronized.
[[0;32m  OK  [0m] Reached target System Time Synchronized.
[    7.864864] systemd[1]: Listening on Journal Socket (/dev/log).
[[0;32m  OK  [0m] Listening on Journal Socket (/dev/log).
[    7.870914] systemd[1]: Started Trigger resolvconf update for networkd DNS.
[[0;32m  OK  [0m] Started Trigger resolvconf update for networkd DNS.
[    7.877883] systemd[1]: Created slice System Slice.
[[0;32m  OK  [0m] Created slice System Slice.
[    7.881464] systemd[1]: Listening on udev Kernel Socket.
[[0;32m  OK  [0m] Listening on udev Kernel Socket.
[    7.885174] systemd[1]: Created slice system-serial\x2dgetty.slice.
[[0;32m  OK  [0m] Created slice system-serial\x2dgetty.slice.
[    7.888785] systemd[1]: Listening on LVM2 poll daemon socket.
[[0;32m  OK  [0m] Listening on LVM2 poll daemon socket.
[    8.369923] systemd[1]: Reached target User and Group Name Lookups.
[[0;32m  OK  [0m] Reached target User and Group Name Lookups.
[    8.386506] systemd[1]: Reached target Slices.
[[0;32m  OK  [0m] Reached target Slices.
[    8.528570] systemd[1]: Listening on Device-mapper event daemon FIFOs.
[[0;32m  OK  [0m] Listening on Device-mapper event daemon FIFOs.
[    8.562675] systemd[1]: Listening on Journal Socket.
[[0;32m  OK  [0m] Listening on Journal Socket.
[    8.582778] systemd[1]: Mounting Debug File System...
         Mounting Debug File System...
[    8.586864] systemd[1]: Mounting Huge Pages File System...
         Mounting Huge Pages File System...
[    8.590980] systemd[1]: Starting Create list of required static device nodes for the current kernel...
         Starting Create list of required st... nodes for the current kernel...
[    8.602812] systemd[1]: Mounting POSIX Message Queue File System...
         Mounting POSIX Message Queue File System...
[    8.611573] systemd[1]: Starting Remount Root and Kernel File Systems...
         Starting Remount Root and Kernel File Systems...
[    8.617424] systemd[1]: Starting Monitoring of LVM2 mirrors, snapshots etc. using dmeventd or progress polling...
         Starting Monitoring of LVM2 mirrors... dmeventd or progress polling...
[    8.624375] systemd[1]: Starting Uncomplicated firewall...
         Starting Uncomplicated firewall...
[    8.648447] EXT4-fs (sda1): re-mounted. Opts: (null)
[    8.659114] systemd[1]: Starting Load Kernel Modules...
         Starting Load Kernel Modules...
[    8.662265] systemd[1]: Starting Set console keymap...
         Starting Set console keymap...
[    8.667665] systemd[1]: Starting Nameserver information manager...
         Starting Nameserver information manager...
[    8.672014] systemd[1]: Starting Journal Service...
         Starting Journal Service...
[    8.679649] systemd[1]: Started Forward Password Requests to Wall Directory Watch.
[[0;32m  OK  [0[    8.683024] Loading iSCSI transport class v2.0-870.
m] Started Forward Password Requests to Wall Directory Watch.
[    8.687494] systemd[1]: Mounted POSIX Message Queue File System.
[[0;32m  OK  [0m] Mounted POSIX Message Queue File System.
[    8.691478] systemd[1]: Mounted Debug File System.
[[0;32m  OK  [0m] Mounted Debug File System.
[    8.693341] systemd[1]: Mounted Huge Pages File System.
[[0;32m  OK  [0m] Mounted Huge Pages File System.
[    8.696108] systemd[1]: Started Create list of required static device nodes for the current kernel.
[[0;32m  OK  [0m] Started Create list of required sta...ce nodes for the current kernel.
[    8.699532] iscsi: registered transport (tcp)
[    8.701029] systemd[1]: Started Remount Root and Kernel File Systems.
[[0;32m  OK  [0m] Started Remount Root and Kernel File Systems.
[    8.711594] systemd[1]: Started Uncomplicated firewall.
[[0;32m  OK  [0m] Started Uncomplicated firewall.
[    8.736149] systemd[1]: Started Journal Service.
[[0;32m  OK  [0m] Started Journal Service.
[[0;32m  OK  [0m] Started Set console keymap.
[[0;32m  OK  [0m] Started Nameserver information manager.
[    8.757803] random: nonblocking pool is initialized
[    8.757864] iscsi: registered transport (iser)
[[0;32m  OK  [0m] Started Load Kernel Modules.
         Mounting FUSE Control File System...
         Starting Apply Kernel Variables...
[[0;32m  OK  [0m] Started LVM2 metadata daemon.
         Starting Flush Journal to Persistent Storage...
         Starting udev Coldplug all Devices...
         Starting Load/Save Random Seed...
         Starting Create Static Device Nodes in /dev...
[[0;32m  OK  [0m] Mounted FUSE Control File System.
[[0;32m  OK  [0m] Started Load/Save Random Seed.
[[0;32m  OK  [0m] Started Apply Kernel Variables.
[[0;32m  OK  [0m] Started Create Static Device Nodes in /dev.
[[0;32m  OK  [0m] Started udev Coldplug all Devices.
[[0;32m  OK  [0m] Started Flush Journal to Persistent Storage.
         Starting udev Kernel Device Manager...
[[0;32m  OK  [0m] Started Monitoring of LVM2 mirrors,...ng dmeventd or progress polling.
[[0;32m  OK  [0m] Reached target Local File Systems (Pre).
[[0;32m  OK  [0m] Reached target Local File Systems.
         Starting Create Volatile Files and Directories...
         Starting Set console font and keymap...
         Starting LSB: AppArmor initialization...
         Starting Tell Plymouth To Write Out Runtime Data...
         Starting Initial cloud-init job (pre-networking)...
[[0;32m  OK  [0m] Started udev Kernel Device Manager.
[[0;32m  OK  [0m] Started Create Volatile Files and Directories.
         Starting Update UTMP about System Boot/Shutdown...
[[0;32m  OK  [0m] Started Dispatch Password Requests to Console Directory Watch.
[[0;32m  OK  [0m] Started Tell Plymouth To Write Out Runtime Data.
[[0;32m  OK  [0m] Started Update UTMP about System Boot/Shutdown.
[[0;32m  OK  [0m] Started LSB: AppArmor initialization.
[[0;32m  OK  [0m] Found device /dev/ttyS0.
[[0;32m  OK  [0m] Listening on Load/Save RF Kill Switch Status /dev/rfkill Watch.
[[0;32m  OK  [0m] Found device 82540EM Gigabit Ethern...r (PRO/1000 MT Desktop Adapter).
[   10.057490] cloud-init[499]: Cloud-init v. 19.2-36-g059d049c-0ubuntu1~16.04.1 running 'init-local' at Wed, 09 Oct 2019 14:11:20 +0000. Up 9.62 seconds.
[[0;32m  OK  [0m] Started Initial cloud-init job (pre-networking).
[[0;32m  OK  [0m] Started Set console font and keymap.
[[0;32m  OK  [0m] Created slice system-getty.slice.
[[0;32m  OK  [0m] Reached target Network (Pre).
         Starting Raise network interfaces...
[[0;32m  OK  [0m] Started ifup for enp0s3.
[[0;32m  OK  [0m] Started Raise network interfaces.
[[0;32m  OK  [0m] Reached target Network.
         Starting Initial cloud-init job (metadata service crawler)...
[   11.203028] cloud-init[995]: Cloud-init v. 19.2-36-g059d049c-0ubuntu1~16.04.1 running 'init' at Wed, 09 Oct 2019 14:11:22 +0000. Up 10.91 seconds.
[   11.205380] cloud-init[995]: ci-info: +++++++++++++++++++++++++++++++++++++Net device info++++++++++++++++++++++++++++++++++++++
[   11.212785] cloud-init[995]: ci-info: +--------+------+---------------------------+---------------+--------+-------------------+
[   11.214284] cloud-init[995]: ci-info: | Device |  Up  |          Address          |      Mask     | Scope  |     Hw-Address    |
[   11.215865] cloud-init[995]: ci-info: +--------+------+---------------------------+---------------+--------+-------------------+
[   11.217399] cloud-init[995]: ci-info: | enp0s3 | True |         10.0.2.15         | 255.255.255.0 | global | 02:0e:9b:2d:5b:92 |
[   11.219084] cloud-init[995]: ci-info: | enp0s3 | True | fe80::e:9bff:fe2d:5b92/64 |       .       |  link  | 02:0e:9b:2d:5b:92 |
[   11.220688] cloud-init[995]: ci-info: |   lo   | True |         127.0.0.1         |   255.0.0.0   |  host  |         .         |
[   11.223482] cloud-init[995]: ci-info: |   lo   | True |          ::1/128          |       .       |  host  |         .         |
[   11.226360] cloud-init[995]: ci-info: +--------+------+---------------------------+---------------+--------+-------------------+
[   11.228331] cloud-init[995]: ci-info: +++++++++++++++++++++++++++Route IPv4 info++++++++++++++++++++++++++++
[   11.236600] cloud-init[995]: ci-info: +-------+-------------+----------+---------------+-----------+-------+
[   11.237959] cloud-init[995]: ci-info: | Route | Destination | Gateway  |    Genmask    | Interface | Flags |
[   11.244724] cloud-init[995]: ci-info: +-------+-------------+----------+---------------+-----------+-------+
[   11.252424] [[0;32m  OK  [0m] Started Initial cloud-init job (metadata service crawler).
cloud-init[995]: ci-info: |   0   |   0.0.0.0   | 10.0.2.2 |    0.0.0.0    |   enp0s3  |   UG  |[[0;32m  OK  [0m] Reached target Network is Online.

[   11.255477] cloud-init[995]: ci-info: |   1   |   10.0.2.0  | 0.0.0.0  | 255.255.255.0 |   enp0s3  |   U   |
[   11.265215]          Starting iSCSI initiator daemon (iscsid)...
[[0;32m  OK  [0m] Reached target Cloud-config availability.
[[0;32m  OK  [0m] Reached target System Initialization.
         Starting Socket activation for snappy daemon.
[[0;32m  OK  [0m] Listening on ACPID Listen Socket.
[[0;32m  OK  [0m] Listening on D-Bus System Message Bus Socket.
[[0;32m  OK  [0m] Listening on UUID daemon activation socket.
cloud-init[995]: ci-info: +-------+-------------+----------+---------------+-----------+-------+         Starting LXD - unix socket.
[[0;32m  OK  [0m] Started Daily Cleanup of Temporary Directories.
[[0;32m  OK  [0m] Started Daily apt download activities.
[[0;32m  OK  [0m] Started Daily apt upgrade and clean activities.
[[0;32m  OK  [0m] Reached target Timers.

[[0;32m  OK  [0m] Started ACPI Events Check.
[[0;32m  OK  [0m] Reached target Paths.
[[0;32m  OK  [0m] Listening on Socket activation for snappy daemon.
[[0;32m  OK  [0m] Listening on LXD - unix socket.
[[0;32m  OK  [0m] Reached target Sockets.
[[0;32m  OK  [0m] Reached target Basic System.
[   11.274068] cloud-init[995]: ci-info: +++++++++++++++++++Route IPv6 info+++++++++++++++++++
[   11.277257] cloud-init[995]: ci-info: +-------+-------------+---------+-----------+-------+
[   11.285311] cloud-init[995]: ci-info: | Route | Destination | Gateway | Interface | Flags |
[   11.288483]          Starting /etc/rc.local Compatibility...
cloud-init[995]: ci-info: +-------+-------------+---------+-----------+-------+
[   11.290570]          Starting LXD - container startup/shutdown...
         Starting Virtualbox guest utils...
cloud-init[995]:          Starting LSB: MD monitoring daemon...
[[0;32m  OK  [0m] Started FUSE filesystem for LXC.
ci-info: |   0   |  fe80::/64  |    ::   |   enp0s3  |   U   |         Starting OpenBSD Secure Shell server...
         Starting Accounts Service...
         Starting LSB: Record successful boot for GRUB...
[[0;32m  OK  [0m] Started ACPI event daemon.
         Starting A high performance web server and a reverse proxy server...
[[0;32m  OK  [0m] Started Deferred execution scheduler.
         Starting Login Service...
[[0;32m  OK  [0m] Started D-Bus System Message Bus.

[   11.313079] cloud-init[995]: ci-info: |   3   |   ff00::/8  |    ::   |   enp0s3  |   U   |
[   11.314375] cloud-init[995]: ci-info: +-------+-------------+---------+-----------+-------+
         Starting System Logging Service...
[[0;32m  OK  [0m] Started Regular background program processing daemon.
         Starting Snappy daemon...
[[0;32m  OK  [0m] Started /etc/rc.local Compatibility.
[[0;32m  OK  [0m] Started iSCSI initiator daemon (iscsid).
[[0;32m  OK  [0m] Started System Logging Service.
[[0;32m  OK  [0m] Started OpenBSD Secure Shell server.
[[0;32m  OK  [0m] Started LXD - container startup/shutdown.
[[0;32m  OK  [0m] Started A high performance web server and a reverse proxy server.
[[0;32m  OK  [0m] Started LSB: Record successful boot for GRUB.
[[0;32m  OK  [0m] Started LSB: MD monitoring daemon.
[[0;32m  OK  [0m] Started Login Service.
[[0;32m  OK  [0m] Started Unattended Upgrades Shutdown.
         Starting Authenticate and Authorize Users to Run Privileged Tasks...
         Starting Login to default iSCSI targets...
[[0;32m  OK  [0m] Started Virtualbox guest utils.
[[0;32m  OK  [0m] Started Authenticate and Authorize Users to Run Privileged Tasks.
[[0;32m  OK  [0m] Started Accounts Service.
[[0;32m  OK  [0m] Started Login to default iSCSI targets.
[[0;32m  OK  [0m] Reached target Remote File Systems (Pre).
[[0;32m  OK  [0m] Reached target Remote File Systems.
         Starting LSB: automatic crash report generation...
         Starting LSB: daemon to balance interrupts for SMP systems...
         Starting Permit User Sessions...
         Starting LSB: Set the CPU Frequency Scaling governor to "ondemand"...
[[0;32m  OK  [0m] Started Permit User Sessions.
[[0;32m  OK  [0m] Started Snappy daemon.
         Starting Wait until snapd is fully seeded...
         Starting Terminate Plymouth Boot Screen...
         Starting Hold until boot process finishes up...
[[0;32m  OK  [0m] Started Hold until boot process finishes up.
[[0;32m  OK  [0m] Started LSB: Set the CPU Frequency Scaling governor to "ondemand".
[[0;32m  OK  [0m] Started Terminate Plymouth Boot Screen.
[[0;32m  OK  [0m] Started LSB: daemon to balance interrupts for SMP systems.
[[0;32m  OK  [0m] Started Serial Getty on ttyS0.
         Starting Set console scheme...
[[0;32m  OK  [0m] Started Getty on tty1.
[[0;32m  OK  [0m] Reached target Login Prompts.
[[0;32m  OK  [0m] Started Set console scheme.
[[0;32m  OK  [0m] Started Wait until snapd is fully seeded.
[[0;32m  OK  [0m] Started LSB: automatic crash report generation.
[[0;32m  OK  [0m] Created slice User Slice of vagrant.
[[0;32m  OK  [0m] Started Session 1 of user vagrant.
         Starting User Manager for UID 1000...
[[0;32m  OK  [0m] Reached target Multi-User System.
[[0;32m  OK  [0m] Reached target Graphical Interface.
         Starting Update UTMP about System Runlevel Changes...
         Starting Apply the settings specified in cloud-config...
[[0;32m  OK  [0m] Started Update UTMP about System Runlevel Changes.
[[0;32m  OK  [0m] Started User Manager for UID 1000.
[   12.482649] cloud-init[1287]: Cloud-init v. 19.2-36-g059d049c-0ubuntu1~16.04.1 running 'modules:config' at Wed, 09 Oct 2019 14:11:23 +0000. Up 12.40 seconds.
[[0;32m  OK  [0m] Started Apply the settings specified in cloud-config.
         Starting Execute cloud user/final scripts...
[   13.014825] cloud-init[1360]: Cloud-init v. 19.2-36-g059d049c-0ubuntu1~16.04.1 running 'modules:final' at Wed, 09 Oct 2019 14:11:24 +0000. Up 12.79 seconds.
[   13.028563] cloud-init[1360]: Cloud-init v. 19.2-36-g059d049c-0ubuntu1~16.04.1 finished at Wed, 09 Oct 2019 14:11:24 +0000. Datasource DataSourceNoCloud [seed=/dev/sdb][dsmode=net].  Up 13.00 seconds
[[0;32m  OK  [0m] Started Execute cloud user/final scripts.
[[0;32m  OK  [0m] Reached target Cloud-init target.

Ubuntu 16.04.6 LTS ubuntu-xenial ttyS0

ubuntu-xenial login: 